src/ai/indianDocumentAI.ts(36,11): error TS6196: 'IndianDocumentPattern' is declared but never used.
src/App.tsx(38,9): error TS6133: 'goToLanding' is declared but its value is never read.
src/App.tsx(43,9): error TS6133: 'handleLogout' is declared but its value is never read.
src/components/layout/DashboardLayout.tsx(5,16): error TS6133: 'X' is declared but its value is never read.
src/components/layout/DashboardLayout.tsx(5,33): error TS6133: 'Loader2' is declared but its value is never read.
src/components/user/UserPayments.tsx(5,42): error TS6133: 'FileText' is declared but its value is never read.
